=== RUN   TestFlatbuffersVersionConsistency
    doctor_version_test.go:29: Found Go flatc version: v25.9.23
    doctor_version_test.go:46: Found CMake GIT_TAG version: v25.9.23
--- PASS: TestFlatbuffersVersionConsistency (0.00s)
=== RUN   TestGenerate

[1m🚀 Initializing project my-project...[0m
  [32m✔[0m Created         [32mxll.yaml[0m
  [32m✔[0m Created         [32mmain.go[0m
  [32m✔[0m Created         [32m.gitignore[0m
  [32m✔[0m Created         [32m.vscode/launch.json[0m
  [32m✔[0m Initialized     [32mGo module[0m

Generating code for project: my-project
Generated protocol.fbs
Generated schema.fbs
Generated Flatbuffers Go code
Generated Flatbuffers C++ code
Generated interface.go
Generated server.go
Generated xll_main.cpp
Generated CMakeLists.txt
Generated Taskfile.yml
Updating SHM dependency to v0.5.4...
go: added github.com/xll-gen/shm v0.5.4
Running 'go mod tidy'...
go: finding module for package github.com/xll-gen/xll-gen/pkg/server
go: finding module for package github.com/xll-gen/xll-gen/pkg/log
go: finding module for package github.com/xll-gen/xll-gen/pkg/protocol
go: my-project/generated imports
	github.com/xll-gen/xll-gen/pkg/log: module github.com/xll-gen/xll-gen@latest found (v0.1.0), but does not contain package github.com/xll-gen/xll-gen/pkg/log
go: my-project/generated imports
	github.com/xll-gen/xll-gen/pkg/protocol: module github.com/xll-gen/xll-gen@latest found (v0.1.0), but does not contain package github.com/xll-gen/xll-gen/pkg/protocol
go: my-project/generated imports
	github.com/xll-gen/xll-gen/pkg/server: module github.com/xll-gen/xll-gen@latest found (v0.1.0), but does not contain package github.com/xll-gen/xll-gen/pkg/server
Warning: 'go mod tidy' failed: exit status 1. You may need to run it manually after checking dependencies.
Done.

[32m✨ Project my-project initialized successfully![0m

[1mNext steps:[0m
  [36mcd my-project[0m
  [36mxll-gen build[0m
Generating code for project: my-project
Generated protocol.fbs
Generated schema.fbs
Generated Flatbuffers Go code
Generated Flatbuffers C++ code
Generated interface.go
Generated server.go
Generated xll_main.cpp
Generated CMakeLists.txt
Generated Taskfile.yml
Updating SHM dependency to v0.5.4...
Running 'go mod tidy'...
go: finding module for package github.com/xll-gen/xll-gen/pkg/server
go: finding module for package github.com/xll-gen/xll-gen/pkg/log
go: finding module for package github.com/xll-gen/xll-gen/pkg/protocol
go: my-project/generated imports
	github.com/xll-gen/xll-gen/pkg/log: module github.com/xll-gen/xll-gen@latest found (v0.1.0), but does not contain package github.com/xll-gen/xll-gen/pkg/log
go: my-project/generated imports
	github.com/xll-gen/xll-gen/pkg/protocol: module github.com/xll-gen/xll-gen@latest found (v0.1.0), but does not contain package github.com/xll-gen/xll-gen/pkg/protocol
go: my-project/generated imports
	github.com/xll-gen/xll-gen/pkg/server: module github.com/xll-gen/xll-gen@latest found (v0.1.0), but does not contain package github.com/xll-gen/xll-gen/pkg/server
Warning: 'go mod tidy' failed: exit status 1. You may need to run it manually after checking dependencies.
Done.
--- PASS: TestGenerate (1.14s)
=== RUN   TestRunInit

[1m🚀 Initializing project my-test-project...[0m
  [32m✔[0m Created         [32mxll.yaml[0m
  [32m✔[0m Created         [32mmain.go[0m
  [32m✔[0m Created         [32m.gitignore[0m
  [32m✔[0m Created         [32m.vscode/launch.json[0m
  [32m✔[0m Initialized     [32mGo module[0m

Generating code for project: my-test-project
Generated protocol.fbs
Generated schema.fbs
Generated Flatbuffers Go code
Generated Flatbuffers C++ code
Generated interface.go
Generated server.go
Generated xll_main.cpp
Generated CMakeLists.txt
Generated Taskfile.yml
Updating SHM dependency to v0.5.4...
go: added github.com/xll-gen/shm v0.5.4
Running 'go mod tidy'...
go: finding module for package github.com/xll-gen/xll-gen/pkg/server
go: finding module for package github.com/xll-gen/xll-gen/pkg/log
go: finding module for package github.com/xll-gen/xll-gen/pkg/protocol
go: my-test-project/generated imports
	github.com/xll-gen/xll-gen/pkg/log: module github.com/xll-gen/xll-gen@latest found (v0.1.0), but does not contain package github.com/xll-gen/xll-gen/pkg/log
go: my-test-project/generated imports
	github.com/xll-gen/xll-gen/pkg/protocol: module github.com/xll-gen/xll-gen@latest found (v0.1.0), but does not contain package github.com/xll-gen/xll-gen/pkg/protocol
go: my-test-project/generated imports
	github.com/xll-gen/xll-gen/pkg/server: module github.com/xll-gen/xll-gen@latest found (v0.1.0), but does not contain package github.com/xll-gen/xll-gen/pkg/server
Warning: 'go mod tidy' failed: exit status 1. You may need to run it manually after checking dependencies.
Done.

[32m✨ Project my-test-project initialized successfully![0m

[1mNext steps:[0m
  [36mcd my-test-project[0m
  [36mxll-gen build[0m
--- PASS: TestRunInit (0.25s)
=== RUN   TestGenerate_Fixes

[1m🚀 Initializing project repro_project...[0m
  [32m✔[0m Created         [32mxll.yaml[0m
  [32m✔[0m Created         [32mmain.go[0m
  [32m✔[0m Created         [32m.gitignore[0m
  [32m✔[0m Created         [32m.vscode/launch.json[0m
  [32m✔[0m Initialized     [32mGo module[0m

Generating code for project: repro_project
Generated protocol.fbs
Generated schema.fbs
Generated Flatbuffers Go code
Generated Flatbuffers C++ code
Generated interface.go
Generated server.go
Generated xll_main.cpp
Generated CMakeLists.txt
Generated Taskfile.yml
Updating SHM dependency to v0.5.4...
go: added github.com/xll-gen/shm v0.5.4
Running 'go mod tidy'...
go: finding module for package github.com/xll-gen/xll-gen/pkg/log
go: finding module for package github.com/xll-gen/xll-gen/pkg/protocol
go: finding module for package github.com/xll-gen/xll-gen/pkg/server
go: repro_project/generated imports
	github.com/xll-gen/xll-gen/pkg/log: module github.com/xll-gen/xll-gen@latest found (v0.1.0), but does not contain package github.com/xll-gen/xll-gen/pkg/log
go: repro_project/generated imports
	github.com/xll-gen/xll-gen/pkg/protocol: module github.com/xll-gen/xll-gen@latest found (v0.1.0), but does not contain package github.com/xll-gen/xll-gen/pkg/protocol
go: repro_project/generated imports
	github.com/xll-gen/xll-gen/pkg/server: module github.com/xll-gen/xll-gen@latest found (v0.1.0), but does not contain package github.com/xll-gen/xll-gen/pkg/server
Warning: 'go mod tidy' failed: exit status 1. You may need to run it manually after checking dependencies.
Done.

[32m✨ Project repro_project initialized successfully![0m

[1mNext steps:[0m
  [36mcd repro_project[0m
  [36mxll-gen build[0m
Generating code for project: repro_project
Generated protocol.fbs
Generated schema.fbs
flatc version 25.9.23
Generated Flatbuffers Go code
flatc version 25.9.23
Generated Flatbuffers C++ code
Generated interface.go
Generated server.go
Generated xll_main.cpp
Generated CMakeLists.txt
Generated Taskfile.yml
Updating SHM dependency to v0.5.4...
Running 'go mod tidy'...
go: finding module for package github.com/xll-gen/xll-gen/pkg/server
go: finding module for package github.com/xll-gen/xll-gen/pkg/log
go: finding module for package github.com/xll-gen/xll-gen/pkg/protocol
go: repro_project/generated imports
	github.com/xll-gen/xll-gen/pkg/log: module github.com/xll-gen/xll-gen@latest found (v0.1.0), but does not contain package github.com/xll-gen/xll-gen/pkg/log
go: repro_project/generated imports
	github.com/xll-gen/xll-gen/pkg/protocol: module github.com/xll-gen/xll-gen@latest found (v0.1.0), but does not contain package github.com/xll-gen/xll-gen/pkg/protocol
go: repro_project/generated imports
	github.com/xll-gen/xll-gen/pkg/server: module github.com/xll-gen/xll-gen@latest found (v0.1.0), but does not contain package github.com/xll-gen/xll-gen/pkg/server
Warning: 'go mod tidy' failed: exit status 1. You may need to run it manually after checking dependencies.
Done.
    regression_test.go:86: generated/cpp/include/xll_worker.cpp missing expected content: "case (shm::MsgType)128:"
--- FAIL: TestGenerate_Fixes (0.46s)
=== RUN   TestRepro_MemoryLeak

[1m🚀 Initializing project mem_check...[0m
  [32m✔[0m Created         [32mxll.yaml[0m
  [32m✔[0m Created         [32mmain.go[0m
  [32m✔[0m Created         [32m.gitignore[0m
  [32m✔[0m Created         [32m.vscode/launch.json[0m
  [32m✔[0m Initialized     [32mGo module[0m

Generating code for project: mem_check
Generated protocol.fbs
Generated schema.fbs
Generated Flatbuffers Go code
Generated Flatbuffers C++ code
Generated interface.go
Generated server.go
Generated xll_main.cpp
Generated CMakeLists.txt
Generated Taskfile.yml
Updating SHM dependency to v0.5.4...
go: added github.com/xll-gen/shm v0.5.4
Running 'go mod tidy'...
go: finding module for package github.com/xll-gen/xll-gen/pkg/server
go: finding module for package github.com/xll-gen/xll-gen/pkg/log
go: finding module for package github.com/xll-gen/xll-gen/pkg/protocol
go: mem_check/generated imports
	github.com/xll-gen/xll-gen/pkg/log: module github.com/xll-gen/xll-gen@latest found (v0.1.0), but does not contain package github.com/xll-gen/xll-gen/pkg/log
go: mem_check/generated imports
	github.com/xll-gen/xll-gen/pkg/protocol: module github.com/xll-gen/xll-gen@latest found (v0.1.0), but does not contain package github.com/xll-gen/xll-gen/pkg/protocol
go: mem_check/generated imports
	github.com/xll-gen/xll-gen/pkg/server: module github.com/xll-gen/xll-gen@latest found (v0.1.0), but does not contain package github.com/xll-gen/xll-gen/pkg/server
Warning: 'go mod tidy' failed: exit status 1. You may need to run it manually after checking dependencies.
Done.

[32m✨ Project mem_check initialized successfully![0m

[1mNext steps:[0m
  [36mcd mem_check[0m
  [36mxll-gen build[0m
Generating code for project: mem_check
Generated protocol.fbs
Generated schema.fbs
flatc version 25.9.23
Generated Flatbuffers Go code
flatc version 25.9.23
Generated Flatbuffers C++ code
Generated interface.go
Generated server.go
Generated xll_main.cpp
Generated CMakeLists.txt
Generated Taskfile.yml
Updating SHM dependency to v0.5.4...
Running 'go mod tidy'...
go: finding module for package github.com/xll-gen/xll-gen/pkg/server
go: finding module for package github.com/xll-gen/xll-gen/pkg/log
go: finding module for package github.com/xll-gen/xll-gen/pkg/protocol
go: mem_check/generated imports
	github.com/xll-gen/xll-gen/pkg/log: module github.com/xll-gen/xll-gen@latest found (v0.1.0), but does not contain package github.com/xll-gen/xll-gen/pkg/log
go: mem_check/generated imports
	github.com/xll-gen/xll-gen/pkg/protocol: module github.com/xll-gen/xll-gen@latest found (v0.1.0), but does not contain package github.com/xll-gen/xll-gen/pkg/protocol
go: mem_check/generated imports
	github.com/xll-gen/xll-gen/pkg/server: module github.com/xll-gen/xll-gen@latest found (v0.1.0), but does not contain package github.com/xll-gen/xll-gen/pkg/server
Warning: 'go mod tidy' failed: exit status 1. You may need to run it manually after checking dependencies.
Done.
--- PASS: TestRepro_MemoryLeak (0.41s)
=== RUN   TestRepro_NestedIPC_Corruption

[1m🚀 Initializing project repro_project...[0m
  [32m✔[0m Created         [32mxll.yaml[0m
  [32m✔[0m Created         [32mmain.go[0m
  [32m✔[0m Created         [32m.gitignore[0m
  [32m✔[0m Created         [32m.vscode/launch.json[0m
  [32m✔[0m Initialized     [32mGo module[0m

Generating code for project: repro_project
Generated protocol.fbs
Generated schema.fbs
Generated Flatbuffers Go code
Generated Flatbuffers C++ code
Generated interface.go
Generated server.go
Generated xll_main.cpp
Generated CMakeLists.txt
Generated Taskfile.yml
Updating SHM dependency to v0.5.4...
go: added github.com/xll-gen/shm v0.5.4
Running 'go mod tidy'...
go: finding module for package github.com/xll-gen/xll-gen/pkg/server
go: finding module for package github.com/xll-gen/xll-gen/pkg/log
go: finding module for package github.com/xll-gen/xll-gen/pkg/protocol
go: repro_project/generated imports
	github.com/xll-gen/xll-gen/pkg/log: module github.com/xll-gen/xll-gen@latest found (v0.1.0), but does not contain package github.com/xll-gen/xll-gen/pkg/log
go: repro_project/generated imports
	github.com/xll-gen/xll-gen/pkg/protocol: module github.com/xll-gen/xll-gen@latest found (v0.1.0), but does not contain package github.com/xll-gen/xll-gen/pkg/protocol
go: repro_project/generated imports
	github.com/xll-gen/xll-gen/pkg/server: module github.com/xll-gen/xll-gen@latest found (v0.1.0), but does not contain package github.com/xll-gen/xll-gen/pkg/server
Warning: 'go mod tidy' failed: exit status 1. You may need to run it manually after checking dependencies.
Done.

[32m✨ Project repro_project initialized successfully![0m

[1mNext steps:[0m
  [36mcd repro_project[0m
  [36mxll-gen build[0m
Generating code for project: repro_project
Generated protocol.fbs
Generated schema.fbs
flatc version 25.9.23
Generated Flatbuffers Go code
flatc version 25.9.23
Generated Flatbuffers C++ code
Generated interface.go
Generated server.go
Generated xll_main.cpp
Generated CMakeLists.txt
Generated Taskfile.yml
Updating SHM dependency to v0.5.4...
Running 'go mod tidy'...
go: finding module for package github.com/xll-gen/xll-gen/pkg/server
go: finding module for package github.com/xll-gen/xll-gen/pkg/log
go: finding module for package github.com/xll-gen/xll-gen/pkg/protocol
go: repro_project/generated imports
	github.com/xll-gen/xll-gen/pkg/log: module github.com/xll-gen/xll-gen@latest found (v0.1.0), but does not contain package github.com/xll-gen/xll-gen/pkg/log
go: repro_project/generated imports
	github.com/xll-gen/xll-gen/pkg/protocol: module github.com/xll-gen/xll-gen@latest found (v0.1.0), but does not contain package github.com/xll-gen/xll-gen/pkg/protocol
go: repro_project/generated imports
	github.com/xll-gen/xll-gen/pkg/server: module github.com/xll-gen/xll-gen@latest found (v0.1.0), but does not contain package github.com/xll-gen/xll-gen/pkg/server
Warning: 'go mod tidy' failed: exit status 1. You may need to run it manually after checking dependencies.
Done.
--- PASS: TestRepro_NestedIPC_Corruption (0.47s)
=== RUN   TestGenerateStringArgRepro
Generating code for project: repro-string-arg
Generated protocol.fbs
Generated schema.fbs
flatc version 25.9.23
Generated Flatbuffers Go code
flatc version 25.9.23
Generated Flatbuffers C++ code
Generated interface.go
Generated server.go
Generated xll_main.cpp
Generated CMakeLists.txt
Generated Taskfile.yml
Updating SHM dependency to v0.5.4...
go: added github.com/xll-gen/shm v0.5.4
Running 'go mod tidy'...
go: finding module for package github.com/xll-gen/xll-gen/pkg/server
go: finding module for package github.com/xll-gen/xll-gen/pkg/log
go: finding module for package github.com/xll-gen/xll-gen/pkg/protocol
go: repro-string-arg/generated imports
	github.com/xll-gen/xll-gen/pkg/log: module github.com/xll-gen/xll-gen@latest found (v0.1.0), but does not contain package github.com/xll-gen/xll-gen/pkg/log
go: repro-string-arg/generated imports
	github.com/xll-gen/xll-gen/pkg/protocol: module github.com/xll-gen/xll-gen@latest found (v0.1.0), but does not contain package github.com/xll-gen/xll-gen/pkg/protocol
go: repro-string-arg/generated imports
	github.com/xll-gen/xll-gen/pkg/server: module github.com/xll-gen/xll-gen@latest found (v0.1.0), but does not contain package github.com/xll-gen/xll-gen/pkg/server
Warning: 'go mod tidy' failed: exit status 1. You may need to run it manually after checking dependencies.
Done.
--- PASS: TestGenerateStringArgRepro (0.21s)
=== RUN   TestRegression

[1m🚀 Initializing project smoke_proj...[0m
  [32m✔[0m Created         [32mxll.yaml[0m
  [32m✔[0m Created         [32mmain.go[0m
  [32m✔[0m Created         [32m.gitignore[0m
  [32m✔[0m Created         [32m.vscode/launch.json[0m
  [32m✔[0m Initialized     [32mGo module[0m

Generating code for project: smoke_proj
Generated protocol.fbs
Generated schema.fbs
Generated Flatbuffers Go code
Generated Flatbuffers C++ code
Generated interface.go
Generated server.go
Generated xll_main.cpp
Generated CMakeLists.txt
Generated Taskfile.yml
Updating SHM dependency to v0.5.4...
go: added github.com/xll-gen/shm v0.5.4
Running 'go mod tidy'...
go: finding module for package github.com/xll-gen/xll-gen/pkg/server
go: finding module for package github.com/xll-gen/xll-gen/pkg/log
go: finding module for package github.com/xll-gen/xll-gen/pkg/protocol
go: smoke_proj/generated imports
	github.com/xll-gen/xll-gen/pkg/log: module github.com/xll-gen/xll-gen@latest found (v0.1.0), but does not contain package github.com/xll-gen/xll-gen/pkg/log
go: smoke_proj/generated imports
	github.com/xll-gen/xll-gen/pkg/protocol: module github.com/xll-gen/xll-gen@latest found (v0.1.0), but does not contain package github.com/xll-gen/xll-gen/pkg/protocol
go: smoke_proj/generated imports
	github.com/xll-gen/xll-gen/pkg/server: module github.com/xll-gen/xll-gen@latest found (v0.1.0), but does not contain package github.com/xll-gen/xll-gen/pkg/server
Warning: 'go mod tidy' failed: exit status 1. You may need to run it manually after checking dependencies.
Done.

[32m✨ Project smoke_proj initialized successfully![0m

[1mNext steps:[0m
  [36mcd smoke_proj[0m
  [36mxll-gen build[0m
Generating code for project: smoke_proj
Generated protocol.fbs
Generated schema.fbs
Generated Flatbuffers Go code
Generated Flatbuffers C++ code
Generated interface.go
Generated server.go
Generated xll_main.cpp
Generated CMakeLists.txt
Generated Taskfile.yml
Updating SHM dependency to v0.5.4...
Running 'go mod tidy'...
go: found github.com/xll-gen/xll-gen/pkg/log in github.com/xll-gen/xll-gen v0.0.0-00010101000000-000000000000
go: found github.com/xll-gen/xll-gen/pkg/protocol in github.com/xll-gen/xll-gen v0.0.0-00010101000000-000000000000
go: found github.com/xll-gen/xll-gen/pkg/server in github.com/xll-gen/xll-gen v0.0.0-00010101000000-000000000000
Done.
GEN: generated
GEN: generated/cpp
GEN: generated/cpp/CMakeLists.txt
GEN: generated/cpp/include
GEN: generated/cpp/include/ObjectPool.h
GEN: generated/cpp/include/PascalString.cpp
GEN: generated/cpp/include/PascalString.h
GEN: generated/cpp/include/include
GEN: generated/cpp/include/include/SHMAllocator.h
GEN: generated/cpp/include/include/protocol_generated.h
GEN: generated/cpp/include/include/xll_async.h
GEN: generated/cpp/include/include/xll_commands.h
GEN: generated/cpp/include/include/xll_launch.h
GEN: generated/cpp/include/include/xll_log.h
GEN: generated/cpp/include/include/xll_worker.h
GEN: generated/cpp/include/protocol_generated.h
GEN: generated/cpp/include/xlcall.cpp
GEN: generated/cpp/include/xlcall.h
GEN: generated/cpp/include/xll_async.cpp
GEN: generated/cpp/include/xll_commands.cpp
GEN: generated/cpp/include/xll_converters.cpp
GEN: generated/cpp/include/xll_converters.h
GEN: generated/cpp/include/xll_embed.cpp
GEN: generated/cpp/include/xll_embed.h
GEN: generated/cpp/include/xll_ipc.cpp
GEN: generated/cpp/include/xll_ipc.h
GEN: generated/cpp/include/xll_launch.cpp
GEN: generated/cpp/include/xll_log.cpp
GEN: generated/cpp/include/xll_mem.cpp
GEN: generated/cpp/include/xll_mem.h
GEN: generated/cpp/include/xll_utility.cpp
GEN: generated/cpp/include/xll_utility.h
GEN: generated/cpp/include/xll_worker.cpp
GEN: generated/cpp/schema_generated.h
GEN: generated/cpp/tools
GEN: generated/cpp/tools/compressor.cpp
GEN: generated/cpp/xll_main.cpp
GEN: generated/interface.go
GEN: generated/ipc
GEN: generated/ipc/AddRequest.go
GEN: generated/ipc/AddResponse.go
GEN: generated/ipc/CheckAnyRequest.go
GEN: generated/ipc/CheckAnyResponse.go
GEN: generated/ipc/CheckRangeRequest.go
GEN: generated/ipc/CheckRangeResponse.go
GEN: generated/ipc/EchoBoolRequest.go
GEN: generated/ipc/EchoBoolResponse.go
GEN: generated/ipc/EchoFloatRequest.go
GEN: generated/ipc/EchoFloatResponse.go
GEN: generated/ipc/EchoIntRequest.go
GEN: generated/ipc/EchoIntResponse.go
GEN: generated/ipc/EchoStringRequest.go
GEN: generated/ipc/EchoStringResponse.go
GEN: generated/ipc/GetPriceRequest.go
GEN: generated/ipc/GetPriceResponse.go
GEN: generated/ipc/GreetRequest.go
GEN: generated/ipc/GreetResponse.go
GEN: generated/ipc/IsEvenRequest.go
GEN: generated/ipc/IsEvenResponse.go
GEN: generated/ipc/ScheduleCmdRequest.go
GEN: generated/ipc/ScheduleCmdResponse.go
GEN: generated/ipc/ScheduleFormatCmdRequest.go
GEN: generated/ipc/ScheduleFormatCmdResponse.go
GEN: generated/ipc/ScheduleGridCmdRequest.go
GEN: generated/ipc/ScheduleGridCmdResponse.go
GEN: generated/ipc/ScheduleMassiveRequest.go
GEN: generated/ipc/ScheduleMassiveResponse.go
GEN: generated/ipc/ScheduleMultiCmdRequest.go
GEN: generated/ipc/ScheduleMultiCmdResponse.go
GEN: generated/ipc/TimeoutFuncRequest.go
GEN: generated/ipc/TimeoutFuncResponse.go
GEN: generated/protocol.fbs
GEN: generated/schema.fbs
GEN: generated/server.go
[MOCK] READY
[MOCK] PASSED
--- PASS: TestRegression (10.88s)
=== RUN   TestRepro_MultipleAsync

[1m🚀 Initializing project repro_async...[0m
  [32m✔[0m Created         [32mxll.yaml[0m
  [32m✔[0m Created         [32mmain.go[0m
  [32m✔[0m Created         [32m.gitignore[0m
  [32m✔[0m Created         [32m.vscode/launch.json[0m
  [32m✔[0m Initialized     [32mGo module[0m

Generating code for project: repro_async
Generated protocol.fbs
Generated schema.fbs
Generated Flatbuffers Go code
Generated Flatbuffers C++ code
Generated interface.go
Generated server.go
Generated xll_main.cpp
Generated CMakeLists.txt
Generated Taskfile.yml
Updating SHM dependency to v0.5.4...
go: added github.com/xll-gen/shm v0.5.4
Running 'go mod tidy'...
go: finding module for package github.com/xll-gen/xll-gen/pkg/server
go: finding module for package github.com/xll-gen/xll-gen/pkg/log
go: finding module for package github.com/xll-gen/xll-gen/pkg/protocol
go: repro_async/generated imports
	github.com/xll-gen/xll-gen/pkg/log: module github.com/xll-gen/xll-gen@latest found (v0.1.0), but does not contain package github.com/xll-gen/xll-gen/pkg/log
go: repro_async/generated imports
	github.com/xll-gen/xll-gen/pkg/protocol: module github.com/xll-gen/xll-gen@latest found (v0.1.0), but does not contain package github.com/xll-gen/xll-gen/pkg/protocol
go: repro_async/generated imports
	github.com/xll-gen/xll-gen/pkg/server: module github.com/xll-gen/xll-gen@latest found (v0.1.0), but does not contain package github.com/xll-gen/xll-gen/pkg/server
Warning: 'go mod tidy' failed: exit status 1. You may need to run it manually after checking dependencies.
Done.

[32m✨ Project repro_async initialized successfully![0m

[1mNext steps:[0m
  [36mcd repro_async[0m
  [36mxll-gen build[0m
Generating code for project: repro-async
Generated protocol.fbs
Generated schema.fbs
flatc version 25.9.23
Generated Flatbuffers Go code
flatc version 25.9.23
Generated Flatbuffers C++ code
Generated interface.go
Generated server.go
Generated xll_main.cpp
Generated CMakeLists.txt
Generated Taskfile.yml
Updating SHM dependency to v0.5.4...
go: added github.com/xll-gen/shm v0.5.4
Running 'go mod tidy'...
go: finding module for package github.com/xll-gen/xll-gen/pkg/server
go: finding module for package github.com/xll-gen/xll-gen/pkg/log
go: finding module for package github.com/xll-gen/xll-gen/pkg/protocol
go: repro-async/generated imports
	github.com/xll-gen/xll-gen/pkg/log: module github.com/xll-gen/xll-gen@latest found (v0.1.0), but does not contain package github.com/xll-gen/xll-gen/pkg/log
go: repro-async/generated imports
	github.com/xll-gen/xll-gen/pkg/protocol: module github.com/xll-gen/xll-gen@latest found (v0.1.0), but does not contain package github.com/xll-gen/xll-gen/pkg/protocol
go: repro-async/generated imports
	github.com/xll-gen/xll-gen/pkg/server: module github.com/xll-gen/xll-gen@latest found (v0.1.0), but does not contain package github.com/xll-gen/xll-gen/pkg/server
Warning: 'go mod tidy' failed: exit status 1. You may need to run it manually after checking dependencies.
Done.
--- PASS: TestRepro_MultipleAsync (0.41s)
FAIL
FAIL	github.com/xll-gen/xll-gen/cmd	14.291s
FAIL
